Ôû▓ Next.js 16.2.1 (Turbopack)

  Creating an optimized production build ...
Ô£ô Compiled successfully in 4.7s
  Running TypeScript ...
  Finished TypeScript in 162ms ...
  Collecting page data using 11 workers ...
  Generating static pages using 11 workers (0/17) ...
node.exe : Error occurred 
prerendering page 
"/admin/modules". Read 
more: https://nextjs.org/d
ocs/messages/prerender-err
or
En línea: 1 Carácter: 1
+ & "C:\Program 
Files\nodejs/node.exe" 
"C:\Program 
Files\nodejs/node_mo ...
+ ~~~~~~~~~~~~~~~~~~~~~~~~
~~~~~~~~~~~~~~~~~~~~~~~~~~
~~~~~~~~~~~~~~~~~~~
    + CategoryInfo        
      : NotSpecified: (E  
  rror occurred ...prer   
 ender-error:String) [    
], RemoteException
    + FullyQualifiedError 
   Id : NativeCommandErr  
  or
 
Error [FirebaseError]: 
Firebase: Error 
(auth/invalid-api-key).
    at p (C:\Users\raesc\D
esktop\Antigravity Project
s\space-camp-academy\.next
\server\chunks\ssr\[root-o
f-the-server]__0ol373r._.j
s:1:30053)
    at q (C:\Users\raesc\D
esktop\Antigravity Project
s\space-camp-academy\.next
\server\chunks\ssr\[root-o
f-the-server]__0ol373r._.j
s:1:30101)
    at _.instanceFactory (
C:\Users\raesc\Desktop\Ant
igravity Projects\space-ca
mp-academy\.next\server\ch
unks\ssr\[root-of-the-serv
er]__0ol373r._.js:1:85515)
    at 
ab.getOrInitializeService 
(C:\Users\raesc\Desktop\An
tigravity Projects\space-c
amp-academy\.next\server\c
hunks\ssr\[root-of-the-ser
ver]__0ol373r._.js:1:13238
)
    at ab.initialize (C:\U
sers\raesc\Desktop\Antigra
vity Projects\space-camp-a
cademy\.next\server\chunks
\ssr\[root-of-the-server]_
_0ol373r._.js:1:12646)
    at aK (C:\Users\raesc\
Desktop\Antigravity Projec
ts\space-camp-academy\.nex
t\server\chunks\ssr\[root-
of-the-server]__0ol373r._.
js:1:68008)
    at bN (C:\Users\raesc\
Desktop\Antigravity Projec
ts\space-camp-academy\.nex
t\server\chunks\ssr\[root-
of-the-server]__0ol373r._.
js:1:86247)
    at module evaluation (
C:\Users\raesc\Desktop\Ant
igravity Projects\space-ca
mp-academy\.next\server\ch
unks\ssr\[root-of-the-serv
er]__0ol373r._.js:15:30163
)
    at instantiateModule (
C:\Users\raesc\Desktop\Ant
igravity Projects\space-ca
mp-academy\.next\server\ch
unks\ssr\[turbopack]_runti
me.js:853:9)
    at getOrInstantiateMod
uleFromParent (C:\Users\ra
esc\Desktop\Antigravity Pr
ojects\space-camp-academy\
.next\server\chunks\ssr\[t
urbopack]_runtime.js:877:1
2) {
  code: 
'auth/invalid-api-key',
  customData: { appName: 
'[DEFAULT]' },
  digest: '687332598'
}
Export encountered an 
error on 
/admin/modules/page: 
/admin/modules, exiting 
the build.
Ô¿» Next.js build worker 
exited with code: 1 and 
signal: null
